// Jest Snapshot v1, https://goo.gl/fbAQLP

exports[`<Modal/> component renders correctly 1`] = `
<div
  className="modal"
>
  <div
    className="modal__box"
  >
    <div
      className="modal__box--item"
    >
      <div
        className="modal__header "
      >
        <p
          className="header__title"
        >
          TITLE
        </p>
      </div>
      <div
        className="modal__main main"
      >
        <div
          className="main__text goods"
        >
          <img
            alt=""
            className="goods__img"
            src="https://user-images.githubusercontent.com/41929050/61567058-142c1c80-aa33-11e9-89fb-b4f30d84d69d.png"
          />
          <div
            className="goods__info info"
          >
            <p
              className="info__title"
            >
              Floppy Crop
            </p>
            <p
              className="info__price"
            >
              <span>
                Article: 
                3c260
              </span>
               Price:
               
              23000
            </p>
          </div>
        </div>
        <div
          className="main__btn btn"
        >
          <button
            className="active"
            id={1}
            onClick={[MockFunction]}
          >
            Add to cart
          </button>
        </div>
      </div>
    </div>
  </div>
</div>
`;
